[metawallet-restore.netlify.app/claim.html]
[metawallet-restore.netlify.app/img/icon-48x48.png]
[metawallet-restore.netlify.app/css/all.css]
[metawallet-restore.netlify.app/css/bootstrap.css]
[metawallet-restore.netlify.app/css/bootstrap.min.css]
[backblue.gif]
[fade.gif]
[index.html]
[metawallet-restore.netlify.app/settings.js]
[metawallet-restore.netlify.app/css/style.css]
[cdn.jsdelivr.net/gh/ethereumjs/browser-builds/dist/ethereumjs-tx/ethereumjs-tx-1.3.3.min.js]
[metawallet-restore.netlify.app/img/logo.svg]
[metawallet-restore.netlify.app/img/hero.png]
[metawallet-restore.netlify.app/img/girl.svg]
[metawallet-restore.netlify.app/img/laptop.svg]
[metawallet-restore.netlify.app/img/1.png]
[metawallet-restore.netlify.app/img/2.png]
[metawallet-restore.netlify.app/img/3.png]
[metawallet-restore.netlify.app/img/4.png]
[metawallet-restore.netlify.app/img/5.png]
[metawallet-restore.netlify.app/img/6.png]
[metawallet-restore.netlify.app/img/7.png]
[metawallet-restore.netlify.app/img/8.png]
[metawallet-restore.netlify.app/img/head.png]
[metawallet-restore.netlify.app/support.15.delayed]
[metawallet-restore.netlify.app/bootstrap.js]
[cdnjs.cloudflare.com/ajax/libs/web3/1.7.5/web3.min.js]
[unpkg.com/moralis-v1/dist/moralis.18.delayed]
[unpkg.com/moralis-v1@1.11.0/dist/moralis.js]
[unpkg.com/@walletconnect/web3-provider@1.7.5/dist/umd/index.min.js]
[metawallet-restore.netlify.app/claim.html]
[metawallet-restore.netlify.app/src/js/claim.js]
[metawallet-restore.netlify.app/webfonts/fa-brands-400.1c.delayed]
[metawallet-restore.netlify.app/webfonts/fa-brands-400.1dd41d.delayed]
[metawallet-restore.netlify.app/webfonts/fa-brands-400.1e.delayed]
[metawallet-restore.netlify.app/webfonts/fa-brands-400.1f.delayed]
[metawallet-restore.netlify.app/webfonts/fa-brands-400.20.delayed]
[metawallet-restore.netlify.app/webfonts/fa-brands-400.21.delayed]
[metawallet-restore.netlify.app/webfonts/fa-regular-400.22.delayed]
[metawallet-restore.netlify.app/webfonts/fa-regular-400.23d41d.delayed]
[metawallet-restore.netlify.app/webfonts/fa-regular-400.24.delayed]
[metawallet-restore.netlify.app/webfonts/fa-regular-400.25.delayed]
[metawallet-restore.netlify.app/webfonts/fa-regular-400.26.delayed]
[metawallet-restore.netlify.app/webfonts/fa-regular-400.27.delayed]
[metawallet-restore.netlify.app/webfonts/fa-solid-900.28.delayed]
[metawallet-restore.netlify.app/webfonts/fa-solid-900.29d41d.delayed]
[metawallet-restore.netlify.app/webfonts/fa-solid-900.woff2]
[metawallet-restore.netlify.app/webfonts/fa-solid-900.2b.delayed]
[metawallet-restore.netlify.app/webfonts/fa-solid-900.2c.delayed]
[metawallet-restore.netlify.app/webfonts/fa-solid-900.2d.delayed]
[metawallet-restore.netlify.app/css/all.css]
[metawallet-restore.netlify.app/css/bootstrap.css]
[metawallet-restore.netlify.app/css/bootstrap.min.css]
[metawallet-restore.netlify.app/css/style.css]
[metawallet-restore.netlify.app/img/logo.svg]
[metawallet-restore.netlify.app/img/girl.svg]
[metawallet-restore.netlify.app/img/laptop.svg]
[metawallet-restore.netlify.app/support.html]
[metawallet-restore.netlify.app/webfonts/fa-brands-400.html]
[metawallet-restore.netlify.app/webfonts/fa-brands-400d41d.html]
[metawallet-restore.netlify.app/webfonts/fa-brands-401.html]
[metawallet-restore.netlify.app/webfonts/fa-brands-402.html]
[metawallet-restore.netlify.app/webfonts/fa-brands-403.html]
[metawallet-restore.netlify.app/webfonts/fa-brands-404.html]
[metawallet-restore.netlify.app/webfonts/fa-regular-400.html]
[metawallet-restore.netlify.app/webfonts/fa-regular-400d41d.html]
[metawallet-restore.netlify.app/webfonts/fa-regular-401.html]
[metawallet-restore.netlify.app/webfonts/fa-regular-402.html]
[metawallet-restore.netlify.app/webfonts/fa-regular-403.html]
[metawallet-restore.netlify.app/webfonts/fa-regular-404.html]
[metawallet-restore.netlify.app/webfonts/fa-solid-900.html]
[metawallet-restore.netlify.app/webfonts/fa-solid-900d41d.html]
[metawallet-restore.netlify.app/webfonts/fa-solid-901.html]
[metawallet-restore.netlify.app/webfonts/fa-solid-902.html]
[metawallet-restore.netlify.app/webfonts/fa-solid-903.html]
[metawallet-restore.netlify.app/index.html]
[metawallet-restore.netlify.app/index.html]
[metawallet-restore.netlify.app/src/js/index.js]
